18:24:35 **** Build of configuration Default for project Leviathon Code ****
make all 
CC -I../include -I../src auto.c
CC -I../include -I../src init.c
CC -I../include -I../src opcontrol.c
opcontrol.c:70:9: error: expected declaration specifiers or '...' before numeric constant
opcontrol.c:71:2: error: expected identifier or '(' before '}' token
opcontrol.c:72:1: error: expected identifier or '(' before '}' token
make[1]: *** [../bin/opcontrol.o] Error 1
make: *** [src] Error 2
18:26:01 **** Incremental Build of configuration Default for project Leviathon Code ****
make all 
CC -I../include -I../src opcontrol.c
opcontrol.c:71:9: error: expected declaration specifiers or '...' before numeric constant
opcontrol.c:72:2: error: expected identifier or '(' before '}' token
opcontrol.c:73:1: error: expected identifier or '(' before '}' token
make[1]: *** [../bin/opcontrol.o] Error 1
make: *** [src] Error 2
18:26:16 **** Incremental Build of configuration Default for project Leviathon Code ****
make all 
CC -I../include -I../src opcontrol.c
opcontrol.c:71:9: error: expected declaration specifiers or '...' before numeric constant
opcontrol.c:72:2: error: expected identifier or '(' before '}' token
opcontrol.c:73:1: error: expected identifier or '(' before '}' token
make[1]: *** [../bin/opcontrol.o] Error 1
make: *** [src] Error 2
18:26:46 **** Incremental Build of configuration Default for project Leviathon Code ****
make all 
CC -I../include -I../src opcontrol.c
LN ./bin/auto.o ./bin/init.o ./bin/opcontrol.o ./firmware/libccos.a -lgcc -lm to bin/output.elf
   text	   data	    bss	    dec	    hex	filename
  12100	      0	   3840	  15940	   3e44	./bin/output.elf
arm-none-eabi-objcopy ./bin/output.elf -O binary ./bin/output.bin
18:32:52 **** Incremental Build of configuration Default for project Leviathon Code ****
make all 
CC -I../include -I../src opcontrol.c
LN ./bin/auto.o ./bin/init.o ./bin/opcontrol.o ./firmware/libccos.a -lgcc -lm to bin/output.elf
   text	   data	    bss	    dec	    hex	filename
  12100	      0	   3840	  15940	   3e44	./bin/output.elf
arm-none-eabi-objcopy ./bin/output.elf -O binary ./bin/output.bin
19:58:42 **** Build of configuration Default for project Leviathon Code ****
make all 
CC -I../include -I../src opcontrol.c
opcontrol.c: In function 'operatorControl':
opcontrol.c:57:5: warning: multi-line comment [-Wcomment]
LN ./bin/auto.o ./bin/init.o ./bin/opcontrol.o ./firmware/libccos.a -lgcc -lm to bin/output.elf
   text	   data	    bss	    dec	    hex	filename
  12280	      0	   3840	  16120	   3ef8	./bin/output.elf
arm-none-eabi-objcopy ./bin/output.elf -O binary ./bin/output.bin
20:49:03 **** Incremental Build of configuration Default for project Leviathon Code ****
make all 
CC -I../include -I../src opcontrol.c
opcontrol.c:55:3: error: expected identifier or '(' before '[' token
opcontrol.c:55:3: error: stray '#' in program
opcontrol.c:63:5: warning: multi-line comment [-Wcomment]
make[1]: *** [../bin/opcontrol.o] Error 1
make: *** [src] Error 2
20:49:17 **** Incremental Build of configuration Default for project Leviathon Code ****
make all 
CC -I../include -I../src opcontrol.c
opcontrol.c: In function 'operatorControl':
opcontrol.c:63:5: warning: multi-line comment [-Wcomment]
LN ./bin/auto.o ./bin/init.o ./bin/opcontrol.o ./firmware/libccos.a -lgcc -lm to bin/output.elf
   text	   data	    bss	    dec	    hex	filename
  12280	      0	   3840	  16120	   3ef8	./bin/output.elf
arm-none-eabi-objcopy ./bin/output.elf -O binary ./bin/output.bin
20:55:59 **** Incremental Build of configuration Default for project Leviathon Code ****
make all 
CC -I../include -I../src opcontrol.c
opcontrol.c: In function 'operatorControl':
opcontrol.c:63:5: warning: multi-line comment [-Wcomment]
LN ./bin/auto.o ./bin/init.o ./bin/opcontrol.o ./firmware/libccos.a -lgcc -lm to bin/output.elf
   text	   data	    bss	    dec	    hex	filename
  12280	      0	   3840	  16120	   3ef8	./bin/output.elf
arm-none-eabi-objcopy ./bin/output.elf -O binary ./bin/output.bin
20:56:38 **** Incremental Build of configuration Default for project Leviathon Code ****
make all 
CC -I../include -I../src opcontrol.c
LN ./bin/auto.o ./bin/init.o ./bin/opcontrol.o ./firmware/libccos.a -lgcc -lm to bin/output.elf
   text	   data	    bss	    dec	    hex	filename
  12280	      0	   3840	  16120	   3ef8	./bin/output.elf
arm-none-eabi-objcopy ./bin/output.elf -O binary ./bin/output.bin
11:20:55 **** Build of configuration Default for project Leviathon Code ****
make all 
CC -I../include -I../src opcontrol.c
LN ./bin/auto.o ./bin/init.o ./bin/opcontrol.o ./firmware/libccos.a -lgcc -lm to bin/output.elf
   text	   data	    bss	    dec	    hex	filename
  12328	      0	   3840	  16168	   3f28	./bin/output.elf
arm-none-eabi-objcopy ./bin/output.elf -O binary ./bin/output.bin
11:55:22 **** Incremental Build of configuration Default for project Leviathon Code ****
make all 
CC -I../include -I../src opcontrol.c
opcontrol.c: In function 'operatorControl':
opcontrol.c:90:5: error: expected ';' before '}' token
make[1]: *** [../bin/opcontrol.o] Error 1
make: *** [src] Error 2
11:55:32 **** Incremental Build of configuration Default for project Leviathon Code ****
make all 
CC -I../include -I../src opcontrol.c
LN ./bin/auto.o ./bin/init.o ./bin/opcontrol.o ./firmware/libccos.a -lgcc -lm to bin/output.elf
   text	   data	    bss	    dec	    hex	filename
  12348	      0	   3840	  16188	   3f3c	./bin/output.elf
arm-none-eabi-objcopy ./bin/output.elf -O binary ./bin/output.bin
13:03:26 **** Incremental Build of configuration Default for project Leviathon Code ****
make all 
CC -I../include -I../src opcontrol.c
LN ./bin/auto.o ./bin/init.o ./bin/opcontrol.o ./firmware/libccos.a -lgcc -lm to bin/output.elf
   text	   data	    bss	    dec	    hex	filename
  12348	      0	   3840	  16188	   3f3c	./bin/output.elf
arm-none-eabi-objcopy ./bin/output.elf -O binary ./bin/output.bin
13:07:59 **** Incremental Build of configuration Default for project Leviathon Code ****
make all 
CC -I../include -I../src opcontrol.c
LN ./bin/auto.o ./bin/init.o ./bin/opcontrol.o ./firmware/libccos.a -lgcc -lm to bin/output.elf
   text	   data	    bss	    dec	    hex	filename
  12340	      0	   3840	  16180	   3f34	./bin/output.elf
arm-none-eabi-objcopy ./bin/output.elf -O binary ./bin/output.bin
13:09:09 **** Incremental Build of configuration Default for project Leviathon Code ****
make all 
CC -I../include -I../src opcontrol.c
LN ./bin/auto.o ./bin/init.o ./bin/opcontrol.o ./firmware/libccos.a -lgcc -lm to bin/output.elf
   text	   data	    bss	    dec	    hex	filename
  12340	      0	   3840	  16180	   3f34	./bin/output.elf
arm-none-eabi-objcopy ./bin/output.elf -O binary ./bin/output.bin
13:11:06 **** Incremental Build of configuration Default for project Leviathon Code ****
make all 
CC -I../include -I../src opcontrol.c
opcontrol.c: In function 'operatorControl':
opcontrol.c:96:5: error: expected ';' before '}' token
make[1]: *** [../bin/opcontrol.o] Error 1
make: *** [src] Error 2
13:11:12 **** Incremental Build of configuration Default for project Leviathon Code ****
make all 
CC -I../include -I../src opcontrol.c
LN ./bin/auto.o ./bin/init.o ./bin/opcontrol.o ./firmware/libccos.a -lgcc -lm to bin/output.elf
   text	   data	    bss	    dec	    hex	filename
  12352	      0	   3840	  16192	   3f40	./bin/output.elf
arm-none-eabi-objcopy ./bin/output.elf -O binary ./bin/output.bin
13:14:34 **** Incremental Build of configuration Default for project Leviathon Code ****
make all 
CC -I../include -I../src opcontrol.c
LN ./bin/auto.o ./bin/init.o ./bin/opcontrol.o ./firmware/libccos.a -lgcc -lm to bin/output.elf
   text	   data	    bss	    dec	    hex	filename
  12360	      0	   3840	  16200	   3f48	./bin/output.elf
arm-none-eabi-objcopy ./bin/output.elf -O binary ./bin/output.bin
13:17:25 **** Incremental Build of configuration Default for project Leviathon Code ****
make all 
CC -I../include -I../src opcontrol.c
LN ./bin/auto.o ./bin/init.o ./bin/opcontrol.o ./firmware/libccos.a -lgcc -lm to bin/output.elf
   text	   data	    bss	    dec	    hex	filename
  12360	      0	   3840	  16200	   3f48	./bin/output.elf
arm-none-eabi-objcopy ./bin/output.elf -O binary ./bin/output.bin
13:17:28 **** Incremental Build of configuration Default for project Leviathon Code ****
make all 
make[1]: Nothing to be done for `all'.
13:18:38 **** Incremental Build of configuration Default for project Leviathon Code ****
make all 
CC -I../include -I../src opcontrol.c
LN ./bin/auto.o ./bin/init.o ./bin/opcontrol.o ./firmware/libccos.a -lgcc -lm to bin/output.elf
   text	   data	    bss	    dec	    hex	filename
  12360	      0	   3840	  16200	   3f48	./bin/output.elf
arm-none-eabi-objcopy ./bin/output.elf -O binary ./bin/output.bin
13:20:30 **** Incremental Build of configuration Default for project Leviathon Code ****
make all 
CC -I../include -I../src opcontrol.c
LN ./bin/auto.o ./bin/init.o ./bin/opcontrol.o ./firmware/libccos.a -lgcc -lm to bin/output.elf
   text	   data	    bss	    dec	    hex	filename
  12360	      0	   3840	  16200	   3f48	./bin/output.elf
arm-none-eabi-objcopy ./bin/output.elf -O binary ./bin/output.bin
13:26:19 **** Incremental Build of configuration Default for project Leviathon Code ****
make all 
CC -I../include -I../src opcontrol.c
opcontrol.c: In function 'operatorControl':
opcontrol.c:74:0: warning: "JOY_UP" redefined [enabled by default]
In file included from ../include/main.h:46:0,
                 from opcontrol.c:35:
../include/API.h:65:0: note: this is the location of the previous definition
opcontrol.c:75:0: warning: "JOY_LEFT" redefined [enabled by default]
In file included from ../include/main.h:46:0,
                 from opcontrol.c:35:
../include/API.h:61:0: note: this is the location of the previous definition
opcontrol.c:76:0: warning: "JOY_RIGHT" redefined [enabled by default]
In file included from ../include/main.h:46:0,
                 from opcontrol.c:35:
../include/API.h:69:0: note: this is the location of the previous definition
LN ./bin/auto.o ./bin/init.o ./bin/opcontrol.o ./firmware/libccos.a -lgcc -lm to bin/output.elf
   text	   data	    bss	    dec	    hex	filename
  12360	      0	   3840	  16200	   3f48	./bin/output.elf
arm-none-eabi-objcopy ./bin/output.elf -O binary ./bin/output.bin
13:28:38 **** Incremental Build of configuration Default for project Leviathon Code ****
make all 
CC -I../include -I../src opcontrol.c
opcontrol.c: In function 'operatorControl':
opcontrol.c:61:0: warning: "JOY_UP" redefined [enabled by default]
In file included from ../include/main.h:46:0,
                 from opcontrol.c:35:
../include/API.h:65:0: note: this is the location of the previous definition
opcontrol.c:62:0: warning: "JOY_LEFT" redefined [enabled by default]
In file included from ../include/main.h:46:0,
                 from opcontrol.c:35:
../include/API.h:61:0: note: this is the location of the previous definition
opcontrol.c:63:0: warning: "JOY_RIGHT" redefined [enabled by default]
In file included from ../include/main.h:46:0,
                 from opcontrol.c:35:
../include/API.h:69:0: note: this is the location of the previous definition
LN ./bin/auto.o ./bin/init.o ./bin/opcontrol.o ./firmware/libccos.a -lgcc -lm to bin/output.elf
   text	   data	    bss	    dec	    hex	filename
  12360	      0	   3840	  16200	   3f48	./bin/output.elf
arm-none-eabi-objcopy ./bin/output.elf -O binary ./bin/output.bin
13:29:19 **** Incremental Build of configuration Default for project Leviathon Code ****
make all 
make[1]: Nothing to be done for `all'.
13:31:43 **** Incremental Build of configuration Default for project Leviathon Code ****
make all 
CC -I../include -I../src opcontrol.c
opcontrol.c: In function 'operatorControl':
opcontrol.c:61:0: warning: "JOY_UP" redefined [enabled by default]
In file included from ../include/main.h:46:0,
                 from opcontrol.c:35:
../include/API.h:65:0: note: this is the location of the previous definition
opcontrol.c:62:0: warning: "JOY_LEFT" redefined [enabled by default]
In file included from ../include/main.h:46:0,
                 from opcontrol.c:35:
../include/API.h:61:0: note: this is the location of the previous definition
opcontrol.c:63:0: warning: "JOY_RIGHT" redefined [enabled by default]
In file included from ../include/main.h:46:0,
                 from opcontrol.c:35:
../include/API.h:69:0: note: this is the location of the previous definition
LN ./bin/auto.o ./bin/init.o ./bin/opcontrol.o ./firmware/libccos.a -lgcc -lm to bin/output.elf
   text	   data	    bss	    dec	    hex	filename
  12360	      0	   3840	  16200	   3f48	./bin/output.elf
arm-none-eabi-objcopy ./bin/output.elf -O binary ./bin/output.bin
13:32:24 **** Incremental Build of configuration Default for project Leviathon Code ****
make all 
CC -I../include -I../src opcontrol.c
LN ./bin/auto.o ./bin/init.o ./bin/opcontrol.o ./firmware/libccos.a -lgcc -lm to bin/output.elf
   text	   data	    bss	    dec	    hex	filename
  12360	      0	   3840	  16200	   3f48	./bin/output.elf
arm-none-eabi-objcopy ./bin/output.elf -O binary ./bin/output.bin
13:34:07 **** Incremental Build of configuration Default for project Leviathon Code ****
make all 
CC -I../include -I../src opcontrol.c
LN ./bin/auto.o ./bin/init.o ./bin/opcontrol.o ./firmware/libccos.a -lgcc -lm to bin/output.elf
   text	   data	    bss	    dec	    hex	filename
  12372	      0	   3840	  16212	   3f54	./bin/output.elf
arm-none-eabi-objcopy ./bin/output.elf -O binary ./bin/output.bin
13:35:14 **** Incremental Build of configuration Default for project Leviathon Code ****
make all 
CC -I../include -I../src opcontrol.c
LN ./bin/auto.o ./bin/init.o ./bin/opcontrol.o ./firmware/libccos.a -lgcc -lm to bin/output.elf
   text	   data	    bss	    dec	    hex	filename
  12372	      0	   3840	  16212	   3f54	./bin/output.elf
arm-none-eabi-objcopy ./bin/output.elf -O binary ./bin/output.bin
13:44:45 **** Incremental Build of configuration Default for project Leviathon Code ****
make all 
CC -I../include -I../src opcontrol.c
LN ./bin/auto.o ./bin/init.o ./bin/opcontrol.o ./firmware/libccos.a -lgcc -lm to bin/output.elf
   text	   data	    bss	    dec	    hex	filename
  12384	      0	   3840	  16224	   3f60	./bin/output.elf
arm-none-eabi-objcopy ./bin/output.elf -O binary ./bin/output.bin
13:53:00 **** Incremental Build of configuration Default for project Leviathon Code ****
make all 
CC -I../include -I../src opcontrol.c
LN ./bin/auto.o ./bin/init.o ./bin/opcontrol.o ./firmware/libccos.a -lgcc -lm to bin/output.elf
   text	   data	    bss	    dec	    hex	filename
  12360	      0	   3840	  16200	   3f48	./bin/output.elf
arm-none-eabi-objcopy ./bin/output.elf -O binary ./bin/output.bin
13:54:06 **** Incremental Build of configuration Default for project Leviathon Code ****
make all 
CC -I../include -I../src opcontrol.c
LN ./bin/auto.o ./bin/init.o ./bin/opcontrol.o ./firmware/libccos.a -lgcc -lm to bin/output.elf
   text	   data	    bss	    dec	    hex	filename
  12384	      0	   3840	  16224	   3f60	./bin/output.elf
arm-none-eabi-objcopy ./bin/output.elf -O binary ./bin/output.bin
13:56:42 **** Incremental Build of configuration Default for project Leviathon Code ****
make all 
CC -I../include -I../src opcontrol.c
LN ./bin/auto.o ./bin/init.o ./bin/opcontrol.o ./firmware/libccos.a -lgcc -lm to bin/output.elf
   text	   data	    bss	    dec	    hex	filename
  12352	      0	   3840	  16192	   3f40	./bin/output.elf
arm-none-eabi-objcopy ./bin/output.elf -O binary ./bin/output.bin
13:58:10 **** Incremental Build of configuration Default for project Leviathon Code ****
make all 
CC -I../include -I../src opcontrol.c
LN ./bin/auto.o ./bin/init.o ./bin/opcontrol.o ./firmware/libccos.a -lgcc -lm to bin/output.elf
   text	   data	    bss	    dec	    hex	filename
  12368	      0	   3840	  16208	   3f50	./bin/output.elf
arm-none-eabi-objcopy ./bin/output.elf -O binary ./bin/output.bin
22:14:22 **** Incremental Build of configuration Default for project Leviathon Code ****
make all 
CC -I../include -I../src opcontrol.c
opcontrol.c: In function 'operatorControl':
opcontrol.c:69:36: error: 'Leftdrive' undeclared (first use in this function)
opcontrol.c:69:36: note: each undeclared identifier is reported only once for each function it appears in
opcontrol.c:69:47: error: 'Max' undeclared (first use in this function)
opcontrol.c:69:35: warning: left-hand operand of comma expression has no effect [-Wunused-value]
opcontrol.c:69:50: error: expected ';' before ')' token
opcontrol.c:69:50: error: expected expression before ')' token
opcontrol.c:60:6: warning: unused variable 'MinSpeed' [-Wunused-variable]
make[1]: *** [../bin/opcontrol.o] Error 1
make: *** [src] Error 2
22:16:30 **** Incremental Build of configuration Default for project Leviathon Code ****
make all 
CC -I../include -I../src opcontrol.c
opcontrol.c: In function 'operatorControl':
opcontrol.c:69:11: warning: statement with no effect [-Wunused-value]
opcontrol.c:60:6: warning: unused variable 'MinSpeed' [-Wunused-variable]
LN ./bin/auto.o ./bin/init.o ./bin/opcontrol.o ./firmware/libccos.a -lgcc -lm to bin/output.elf
   text	   data	    bss	    dec	    hex	filename
  12304	      0	   3840	  16144	   3f10	./bin/output.elf
arm-none-eabi-objcopy ./bin/output.elf -O binary ./bin/output.bin
22:18:06 **** Incremental Build of configuration Default for project Leviathon Code ****
make all 
CC -I../include -I../src opcontrol.c
opcontrol.c: In function 'operatorControl':
opcontrol.c:72:23: error: 'LeftDrive' undeclared (first use in this function)
opcontrol.c:72:23: note: each undeclared identifier is reported only once for each function it appears in
opcontrol.c:60:6: warning: unused variable 'MinSpeed' [-Wunused-variable]
make[1]: *** [../bin/opcontrol.o] Error 1
make: *** [src] Error 2
22:18:38 **** Incremental Build of configuration Default for project Leviathon Code ****
make all 
CC -I../include -I../src opcontrol.c
opcontrol.c: In function 'operatorControl':
opcontrol.c:71:16: warning: unused variable 'LeftDrive' [-Wunused-variable]
opcontrol.c:74:23: error: 'LeftDrive' undeclared (first use in this function)
opcontrol.c:74:23: note: each undeclared identifier is reported only once for each function it appears in
opcontrol.c:60:6: warning: unused variable 'MinSpeed' [-Wunused-variable]
make[1]: *** [../bin/opcontrol.o] Error 1
make: *** [src] Error 2
22:19:06 **** Incremental Build of configuration Default for project Leviathon Code ****
make all 
CC -I../include -I../src opcontrol.c
opcontrol.c: In function 'operatorControl':
opcontrol.c:71:16: warning: unused variable 'LeftDrive' [-Wunused-variable]
opcontrol.c:74:23: error: 'LeftDrive' undeclared (first use in this function)
opcontrol.c:74:23: note: each undeclared identifier is reported only once for each function it appears in
opcontrol.c:60:6: warning: unused variable 'MinSpeed' [-Wunused-variable]
make[1]: *** [../bin/opcontrol.o] Error 1
make: *** [src] Error 2
22:21:36 **** Incremental Build of configuration Default for project Leviathon Code ****
make all 
CC -I../include -I../src opcontrol.c
opcontrol.c: In function 'operatorControl':
opcontrol.c:74:23: error: 'LeftDrive' undeclared (first use in this function)
opcontrol.c:74:23: note: each undeclared identifier is reported only once for each function it appears in
opcontrol.c:60:6: warning: unused variable 'MinSpeed' [-Wunused-variable]
make[1]: *** [../bin/opcontrol.o] Error 1
make: *** [src] Error 2
22:46:16 **** Incremental Build of configuration Default for project Leviathon Code ****
make all 
CC -I../include -I../src opcontrol.c
opcontrol.c: In function 'operatorControl':
opcontrol.c:60:6: warning: unused variable 'minSpeed' [-Wunused-variable]
opcontrol.c:59:6: warning: unused variable 'maxSpeed' [-Wunused-variable]
LN ./bin/auto.o ./bin/init.o ./bin/opcontrol.o ./firmware/libccos.a -lgcc -lm to bin/output.elf
   text	   data	    bss	    dec	    hex	filename
  12300	      0	   3840	  16140	   3f0c	./bin/output.elf
arm-none-eabi-objcopy ./bin/output.elf -O binary ./bin/output.bin
23:36:25 **** Incremental Build of configuration Default for project Leviathon Code ****
make all 
CC -I../include -I../src opcontrol.c
opcontrol.c: In function 'operatorControl':
opcontrol.c:77:2: error: implicit declaration of function 'While' [-Werror=implicit-function-declaration]
opcontrol.c:78:5: warning: multi-line comment [-Wcomment]
opcontrol.c:90:31: error: expected ')' before ';' token
opcontrol.c:101:5: warning: multi-line comment [-Wcomment]
cc1.exe: some warnings being treated as errors
make[1]: *** [../bin/opcontrol.o] Error 1
make: *** [src] Error 2
23:38:31 **** Incremental Build of configuration Default for project Leviathon Code ****
make all 
CC -I../include -I../src opcontrol.c
opcontrol.c: In function 'operatorControl':
opcontrol.c:102:5: warning: multi-line comment [-Wcomment]
LN ./bin/auto.o ./bin/init.o ./bin/opcontrol.o ./firmware/libccos.a -lgcc -lm to bin/output.elf
   text	   data	    bss	    dec	    hex	filename
  11568	      0	   3840	  15408	   3c30	./bin/output.elf
arm-none-eabi-objcopy ./bin/output.elf -O binary ./bin/output.bin
23:38:53 **** Incremental Build of configuration Default for project Leviathon Code ****
make all 
CC -I../include -I../src opcontrol.c
opcontrol.c: In function 'operatorControl':
opcontrol.c:103:5: warning: multi-line comment [-Wcomment]
opcontrol.c:105:5: warning: multi-line comment [-Wcomment]
LN ./bin/auto.o ./bin/init.o ./bin/opcontrol.o ./firmware/libccos.a -lgcc -lm to bin/output.elf
   text	   data	    bss	    dec	    hex	filename
  11568	      0	   3840	  15408	   3c30	./bin/output.elf
arm-none-eabi-objcopy ./bin/output.elf -O binary ./bin/output.bin
23:39:12 **** Incremental Build of configuration Default for project Leviathon Code ****
make all 
CC -I../include -I../src opcontrol.c
LN ./bin/auto.o ./bin/init.o ./bin/opcontrol.o ./firmware/libccos.a -lgcc -lm to bin/output.elf
   text	   data	    bss	    dec	    hex	filename
  11568	      0	   3840	  15408	   3c30	./bin/output.elf
arm-none-eabi-objcopy ./bin/output.elf -O binary ./bin/output.bin
