18:24:35 **** Build of configuration Default for project Leviathon Code ****
make all 
CC -I../include -I../src auto.c
CC -I../include -I../src init.c
CC -I../include -I../src opcontrol.c
opcontrol.c:70:9: error: expected declaration specifiers or '...' before numeric constant
opcontrol.c:71:2: error: expected identifier or '(' before '}' token
opcontrol.c:72:1: error: expected identifier or '(' before '}' token
make[1]: *** [../bin/opcontrol.o] Error 1
make: *** [src] Error 2
18:26:01 **** Incremental Build of configuration Default for project Leviathon Code ****
make all 
CC -I../include -I../src opcontrol.c
opcontrol.c:71:9: error: expected declaration specifiers or '...' before numeric constant
opcontrol.c:72:2: error: expected identifier or '(' before '}' token
opcontrol.c:73:1: error: expected identifier or '(' before '}' token
make[1]: *** [../bin/opcontrol.o] Error 1
make: *** [src] Error 2
18:26:16 **** Incremental Build of configuration Default for project Leviathon Code ****
make all 
CC -I../include -I../src opcontrol.c
opcontrol.c:71:9: error: expected declaration specifiers or '...' before numeric constant
opcontrol.c:72:2: error: expected identifier or '(' before '}' token
opcontrol.c:73:1: error: expected identifier or '(' before '}' token
make[1]: *** [../bin/opcontrol.o] Error 1
make: *** [src] Error 2
18:26:46 **** Incremental Build of configuration Default for project Leviathon Code ****
make all 
CC -I../include -I../src opcontrol.c
LN ./bin/auto.o ./bin/init.o ./bin/opcontrol.o ./firmware/libccos.a -lgcc -lm to bin/output.elf
   text	   data	    bss	    dec	    hex	filename
  12100	      0	   3840	  15940	   3e44	./bin/output.elf
arm-none-eabi-objcopy ./bin/output.elf -O binary ./bin/output.bin
18:32:52 **** Incremental Build of configuration Default for project Leviathon Code ****
make all 
CC -I../include -I../src opcontrol.c
LN ./bin/auto.o ./bin/init.o ./bin/opcontrol.o ./firmware/libccos.a -lgcc -lm to bin/output.elf
   text	   data	    bss	    dec	    hex	filename
  12100	      0	   3840	  15940	   3e44	./bin/output.elf
arm-none-eabi-objcopy ./bin/output.elf -O binary ./bin/output.bin
